<html>
<head>
    <meta charset="utf-8">
</head>
<body style="color: rgb(68,68,68);">

<a id="reportTop" target="_blank" href=""><img title="Go to Piwik" border="0" alt="Piwik" src='plugins/Morpheus/images/logo-header.png'/></a>

<h1 style="color: rgb(126,115,99); font-size: 11pt;">
    Website Site 1
</h1>

<p>
    Mail Test report - Date range: 2010, January
</p>


<h2 id="Actions_getPageTitles" style="color: rgb(126,115,99); font-size: 11pt;">
    Page titles
</h2>

            <img alt=""
                                    src="data:image/png;base64,iVBORw0KGgoAAAANSUhEUgAAArwAAADICAIAAACF9KXqAAAACXBIWXMAAA7EAAAOxAGVKw4bAAAgAElEQVR4nO3dfXAc533Y8ecA8AAcCQISRAAESEIkKLFUHIsWqY6ckczEtSPR0sihLEtNHNuxZSmetqrlOG6T/pObznRaTzKRFKutoxf/YYlO9BJK8Zscy3XKSGO7FikqsSVTgY8MhQOIVxIC7gDs4W6vfyy8XN6+Pbu3e7u3+H6Gw9lb7D7P79nbl9++PLeparUqAAAA3LREHQAAAGgObcYPIyMj+nAul7McAwAA1qeLScPIyIgxLdDShZox5A0AAKxbF29PkBAAAAAHbe6TWBkfHzd+nJqaGhgYcJh+aWkpnU63tfmsLj6q1WqhUOjq6oo6kACsrq6Wy+XOzs6oAwnAyspKa2vrhg0bog4kAIVCIZPJtLQ0/fNGlUpFUZRMJhN1IAFQFEUI0d7eHnUgASgWix0dHa2trVEHUi9VVZeWljZt2hR1IAEolUqqqnZ0dEQdiDvrHVPgdyJKpVKlUgmwwKhUq9VSqRR1FMEol8uJaUupVCqXy1FHEQxFUVRVjTqKAFQqlcSsYKurq6urq1FHEYzE7I1VVU3SCtYsbak99Tc/ymBpaGjI4aPZ6upqT09Pd3e39wjjRVXVYrE4ODgYdSABmJ+fX1hYSEZbVFXt7Ozs7e2NOpAAFIvFgYGBdDoddSD1KhaL09PTyVjBJicnU6lUf39/1IEEYGVlpa+vLwFXgBRFKZVKyVjBZmdnFUVpirbU9p6I8MmGn43ORFW1PLVazY8XV1uaIFRXhWKhWFxaUJLQlpnZhXRa6T7fuBP0d121pWF1AUBMXLw9QecIAADgwPZ3GoQQuVyO32kAAACai0mDZU5AogAAADRN360rcB++5YaoQ3DXFEEmAMsZAIxIGvxzPqKEd7z58C03/O13f+xQhUPVYR8FP3zLDcZ/odZlrDSkkv/2uz8mbwAAHUmDf9qRW/KvQR179IzBn3rmla9C/9eYI26ojSJvAAAdSQNCxBEXAJIkjr/rbDzM6CeR+ki7M3jjePNI7QTdsmQhcRnAfH6vzWJXiFZXTfA1UTkHaXn2LH+Zwa69dg2xi9xcr90XIRlVTTx2MdjVZRf/409907Iic6sdhi1jEzbLBADWodglDTV7Z/3gJ7PTlz9C2E0v/N5HcC7EfNSRDLIeDjXq7vvE7b6TJ6+hel3+vuvyMaPMsgIAhJU03PH55+UnPvrgYbs/mQ+3+hjzeGHa3Rsnq+fc3TJxcTjEOv/Va5D+uBb1sY984NGvfUO+QIewZWbxtPzt6nL9IixnrPmra9hkDABgKRZXGrLZbDab1YYtr8/H/764822FxJD5Ihyu83v6Hn1/6eYZXe+5rJOvDwDqFFbScPTBw9lsdufOndrHubm5TCZj9xbmM2cu+Wi85R/4+bdv2nHl+Rd/dP+9H7WMxxx28khelbEc7/U2kF05dpeaPAVpN1eyvz4AqFOIVxr0iwdCiLNnz3p9y2XN04LNoknDDlscnhIw3gOy+4LsHhcFAIgYdrm0u7ZsnsZ8u9pypOvda3MhDhMfPvTeLz/2rEzYnir1fXJsrle+tCN/8/37PnG7cUbLyYw9ESy/CB/sypSsy/kyg93aYp7SsnAAgJ1YPNNgVLPTtzw1NN+Kdh0pWaPzA4yewrbsQKEPew3SWIjDg36eShNCPPq1b5jb7tAWuy9CMnLXMkOqq85ZuPAAAJpUtVptQDUytyd+NjrTgEjqpFar+Xx+x/btUQUQ4AGsUCwUi0v9fX1hFO6bvxhmZmfS6fbuzZsbFtK7rtoSRl1CiNHR0eHh4XQ6HVL5DVMsFqenp/UHm5ra5ORkKpXq7++POpAAnD59emBgIJPJRB1IvRRFGRsb2717d9SBBGB2dlZRlKGhoagDcRe72xNw5vtaSGwFcqcmPDEMCQCiEqPbE+GdugVIVdX26oU9kYaay+VGRkbqf2v5/PyGhYXWHTsuaUvjvwWtOfqwv0LynUpnZ2dvb29wcQkhRCDLGQASI0ZJA+SFdCSL6gAZ2wNzbAMDgEjEKGko549FHYK7qlpNz+XL+cmoAwlCodBWXCq3nHGfMvZaZ2ZS6fbyssUzDW3bDjY+HgBIJJ5pAAAAUkgaAACAFJIGAAAgpZmShj0HPx2TQmJb3bp1453/OeoQACD5YvQgpJnxiPvWsa9GGIk/ew5+WgtbH7CbwHn2kOy/9T8aPzZmCYfUqFee+9L1tz/QjCsJADSR+CYNNUeXGJ6yh33Ib8Ah8OVn/kdf/9ovQoado2jCq+LVbzzUmCYAwLoV09sT5r0/B4OwvXXsqzHMzAAA8RHHKw2uZ/D6sOWliJp57cZbVmSe2DzNBz7+J/rx1aFS+SxHm9jcLudrLdoszvU6tF0mqpp47MKwrMsuNtcIjRM4DFvGZrlMAABBiWPS4MB8yDEfomSGzR+dJzYL9vjkKTYhd7PGU3Mk47ELw19d9c/laUYAQJ3CShoWH+4wfrxcG2kzcdfnViSLlXmcUD+cm8fbzeJQiGRgdXKuyEckPppjnMDTY5syy9/HArf8Es3IGACgYWJxpSGbzWaz2XpK8HQzfp2cm8osk5vu+iN92O5OTVB1Sc7lettFv5WzHr5EAGgMVa3e+YUXhBBHHzzsMFlYSUPX51ay2ezOnTu1j3Nzc5lMprOz03rqC/W+/sDT8WOd3PmWaaCx94SR17shlnXZXfLxFKFDdaQOABCUtyffkZksxCsNxosHZ8+e7enp6e7ulpmxAQf1dZI3+BOHJaPH4NCnw/k3MAAA8sbO2T1BcImYdrk0HyocTnbtJq4Zb9n7wO6j3aHoX/3GPbJtcIzQoQrX2e0WhUNzHOZyZezgYBmGQ13Olxkc5jJPbJ4MABCUB586LoT47UN7nSeLxTMNlpwP6q4Tm8dbHoosb5bblSCEOPX3T+h5g0Phlo9h2nVWlFFTl2VW5PrRR112VTsMy9cV+FxcdQCAegz1dTlPkKpWqw2IQ+b2RDl/rAGR1KmqVvP5/PYd212nDPUAFkjhhUJhqbhk+UxDI8MIxMzMTHu63fKXpNu2HYwkJN9GR0eHh4fT6XTUgdSrWCxOT0/rDzY1tcnJyVQq1d/fH3UgATh9+vTAwEAmk4k6kHopijI2NrZ79+6oAwnA7OysoihDQ0NRBaA/BfngF98/POh0pI7p7YkEcL400qRk7uBEhXdPAIA/q2VVGxh0u9IQo9sTTXFGqKpqaXm0bdsemYlzudzIyEgulwsjkgAW1/x8eWGhbdsO+Tm0FunD9QYQnBsPjvzkJz9p6+2NOhAAaD7j02tPQW5oc7mUEKOkIZFCOrJGeMCOVa6gO3asCe5tAUA85aekuk6IWCUNi8cnog7BnVpVy/n5xcUmCNXVcqFQWiouTsdoHfCtNDMn2tsXNytRB7Km68Bg1CEAgKyHnjouhPj4bb/iOiXPNAAAALF1yybXaUgaAABYv1R1rRPlNrenIAVJAwAA61lptaIN9F+x0XXi5kga9t19k/Yv6kCaBsuqMVjOAJqd/hSka9cJ0RRJw767b3r96Ze1f0naR4fXFm2JOVThUHXYS1jP/xqZBYZXUcLWSQDr0MS0bNcJ0RRJg5F2LJQX5x2617ZI0jMGf0KKqqaKBmeBoTaKvAFAU3voyAkhxCdvf5fMxE2WNCBhOOICQBxslXigQcTqdxosaUcU7X/tAKNfeNePN/p5pPHwo/9VH1lzumkswfKvxqL04ev+7SW/w2iu2vKk1nz2XxO5ZSHGueyGXSuys+/um1554sWb77+zpi12oRons5xGclG4RlUTj10MNeNfeuSoORLjNJaluS5ey3aZm2a5TAAg/vSuE4N97v0tRfyTBofdcc14y4/Ou3LJo7IxU3ntr4/l8+M7tm8XhqOI5BHdWSCFeHLjPYf+7svP9ff1O1RqXhTOZdbTCofFbhlDTV3HHvu211o85VgOKxsANKllpawN9PdGmjScOPBozZhZ+4n3H7/PRxXOe22ZfbpxGmOG4ZCjqFXVcrxlOXYjay5y2BVS89fAD1SvPPFicanoMEGdR32ZmI0TSF6ksRz/0iNHD957q/6chN2ido1QclGTMQBIhgnpt05oYnGlIZvNZrPZOgsx362oh6cb7YHclTcX4nojIIZkFoXDdf4GLHbLuVwXdbBrFwDExMRMwdP0YSUN+4/fl81md+7cqX2cm5vLZDKdnZ3WU58JplJjP8N6du5er8lLXtVwPotNxtHI6wUeo3oW+8zMTLq9XR/vsKh9L+eg1i4AiI+Hj5wQQnzqt6S6TohQrzQYLx6cPXu2p6enu7s7vOp0dg/0SYrbqbzxpkmCOxrEYbHLLOo61y4AiKGBK6QeaBBJ6nJZ5wHV4d65NmB+zsByvEMkzpcZLAup80TZ8uAnf8Cza7K5QLvqfH8pPhb7wXtvrYnccunZRei8qBOcrgFYty52ndji/tYJTSyeaQhEzfHAfMpo2TWgZnrLciwPVHbDlhX5jt9fIQ7PVHot2bKZkovIU131L3bJ3hP+InSeiwsPAJpRcbmkDfRdnpGcJVWtVkOL5yKZ2xOLxycaEInO345erarGLpcxPFTIR1UoFIpLRb3LZbCFh8cyBu2Zhu7Nm2MSUteBQd+ljY6ODg8Pp9PpuuOKWLFYnJ6e1h9samqTk5OpVKq/38PGElunT58eGBjIZGQPErGlKMrY2Nju3bujDiQAs7OziqIMDQ01uN5T/zL3Xx7+ByHE0QcPS86SnNsTDeDQSTI+kvfoQ8wXewxDAgAZE9Peuk6IWN2eqOfkrDE15nK5kZERfTiEiIKhxekaYWV+fnVhoWuHt4XQ+K9JZrG/k1c7Ozu7ensbGJcQQsgsZwCIp0f+6jUhxD2H3y0/S4yShgbzt68fHR0dHR3ds2dP4PEEK6QjWVQHyNgemGMbGABIknzrhCZGScPEcQ9v54yKWlXn8+WJxSYI1VWhsFxcKrV5eSlqbM3NlNrbhbI5CW25kC+n5wob2jaEUfjgAdlnpAEkm+GtEx52CzzTAADAurNQULSB3h6b3120QtIAAMC6M+7xrRMakgYAANadyVmnFxbaIWlIppvu3uc6zaF7brzz/ptlpgyq3mDrgh2WMwBX//Ppk0KIe+/w0HVCxDBpuOnufcZ/oVbkaXzC3HT3vhefeOW5L/9dI2t8+enXhd8lH/b30rAVz1hjSCW//PTr62Q1BlCnAS9dJ0Ssek/otEOLRj/ShCHUwgMXUrSNWQL1B9+AOBu24pmrC6Pw5lq9ATSS3nViq/RbJzSxu9JQI9RzJk7IYId1A0CCXVhY0QY8dZ0Q8bzS4MC4H9fPomp27ubxDudbzidkltX9zh/ebjyi1Fxyl6xdq9SyfIfSXMt0bkVNaYfuudE83lNUzvUaJ5A85XUIoKaQmkqPPvLSrfceNAcmE79kYJYhGadx+OrNS0Cbxm5J/uDIq+YZHYbNMQguNgCwNzHjp+uEaK6kwXwMMO8W9R2o3R62zuosh4XVcde1drvyLed1PQB4Wg5aaS8+8UpxqXjn/Tf7jsqhXt8cFrvDNJ6K9bo+NGbF0yfO5/Pv/9j1ntIsu48AYGlydsnfjGElDY8eOGEaN2s38X3H99v9ybgTdD142I13PuLa/dX5+oTDR8na64/cbq56SvNUThiHKN+NlZ9FJvJgVzzLPNKY69TM+IMjr8pkKmZkDABk/O9nTgoh7vvItV5njMWVhmw2m81m9Y92l1uFlxNZT6e8drtj3+fN8bkdHlQk8WmRP5JXI/Thxqx4rjNarpk1CY3lnQ4AcNXf6/kN6WElDfcd35/NZnfu3Kl9nJuby2QynZ02D1ycueST3e7P00Vpr/tQywvOvi+8x2cPHlQk8WmRPzLxh7riuV6e0Ufm8/n+gX75d0/o948cagcA3cWuE17eOqEJ8UqD8eLB2bNne3p6uru7fZfW4Ju13BuGJg5rQs3DKJbTmB89AQBLc/PL2kBvt7euEyL+XS7t6OdVNTeGtQHzvlXmOoHDHtnHzQ5/szvf6pafq/5IHMoXbsvfa2nCy9FOstKaew2BLAdR34rnfJnBbkbnp2Ga/bYRgMYbny5oA167ToiYPNMgo2avaryVa7nLNk/vqRa76nxH629e81N1dgUGuxycozKW41BXzbx2bfERmGWl337smMNX5ns5NGbF8z2jw1xcdQBg6dxswfe8qWq1GmAodmRuT0wcX6y/orB3lGpVHc/nt2/fEV4VDVMoFIpLxf6+/gbUFer3ctPd+44+8lJ7e3rzZv/3v+qPIagGen2mwVNIgwc838L0rVgsTk9P6w82NbXJyclUKtXf34iNJWynT58eGBjIZDw/ARc3iqKMjY3t3r076kACMDs7qyjK0NBQY6q74/PPCyHu/ci1h27c5XXeZr09ofNxMR+N5/VSTfzFfMWLYUgAYmXrFm9vndDE6PaEv3OgXC43MjKiDwcakQVVVYub2wb3NO50LTzz85WFhdXBHQ1qi/ZNhfQd9f5qurOzs7e3cd9LeCtesbtt6/CmdDrtu4TwljOAZqd3nRjy3nVCmJMGbT+o73H03aJoyCHZn9gGhhohfVO5XC6fz4dRsmu9ja9URmwDAxC5mQtrvwXZ09XhY/ZLkgbtBEVPFGrOVzh9AQCgqeWnfb51QnPJPOQEAAAk2OSM/64TwvczDe+8847xY6FQ2Lx5s8P0q6ury8vLLS1N/9ylqqqVSmVxMYCOHpFbWloqlUrJaEupVEqlUsloS7lcLhaLiqJEHUi9lpeXV1dXk/GlKIqSmBVsdXW1WCxWKpWoA6lXqVQql8vJ+FKWl5cb1pYnnv+pEOLjt+3xV53PpGFiYsL48cyZM8anH8xWVlYURalJNZqRqqqlUqmm+U2qXC6Xy+VktEVRlKWlpUKhrgw6JhRFmZycTECGnbAVLJVKLS8vRx1IAFZWVmZmZlpbW6MOpF6qqiqKkowVbHV1VTu4NKzGDdVlf4vOZ9Kwd+9eh49m9f+MdEyoqjo6Orpnz56oAwnA/Pz8wsLCjh1J+M2JfD7f2dnZ29sbdSABGB0dHR4erqf3REzwOw3xxO80xFDDfqdBVatCvCmEeO/+vb2X+VkHmv5sBgAAyJicK2oDPZv9dJ0QJA0AAKwT+am15xhaW30e/Wu7XBoHjN0vBX0rAABoZhPT9T5reUnSYE4LSBQAAEiGr33zDSHEZ+54t+8SuD0BAMA64u8HpDUkDQAAJJ/hrRObfBdC0gAAQPJNTK/9ks3l3Z2+CyFpAAAg+camFrSBlpaU70JIGgAASL7x6QB+M5ekAQCA5Pv6d94UQnz68K/WUwhJAwAA68X2fqe3S7oiaQAAIOH0rhPbB/z3txQkDQAAJN7Y5NpTkD1dPt86oSFpAAAg4fS3TtTTdUKQNAAAkHhv//JKg51qpbT4cMfiwy7XIUgaAABIuGe/95YQ4h77t06U//k5mXJIGgAASDL9KcjhAduuEyvf+7QQouPQU85FkTQAAJBketKwzabrRFWZ1wZat73PuSiSBgAAkuztqXe0AbuuE+XTL2oDLZk+56JIGgAASLL8pMsPSK9871NC4t6EIGkAACDZHnrquMNf1eKkNuB6b0KQNAAAsB78/kevtRxffvv/aAOu9yYESQMAAAl28SnIfuunIJXv3SOE6Dj0dZnSSBoAAEis1bKqDQz1WSQN6mJeG2jb8esypZE0AACQWPkpp7dO6PcmUh2Xy5RG0gAAQGKNTzt1nVC+//tCiI5bviZZGkkDAACJ5dB1Ql14Wxto23WbZGkkDQAAJNy/u+s95pHlsy9pA6kNGclySBoAAEgmvevEYN8m81+VH/x7IUT6N78qXyBJAwAAyaSUytqAOWnQ+02kr75TvkCSBgAAkkl/CtLcdaJ8+lvaQKo1LV8gSQMAAMk0PrVoOb5aVZX/+4AQouPQk54KJGkAACCZHv76CcvxF3/TafiDngokaQAAIMn+w29fVzOm/IsXtIFUe4+nokgaAABIoItdJ7ZsNI6vVtXSy/9JCNFxi7d7E4KkAQCARFpaWdUGBrdc8taJ6sKYNtC6/aDXMkkaAABIoPwvn4LcvKndOL58Zq3fhMy7sGuQNAAAkECTs0XzyGpVVY59QQjRcegpH2WSNAAAkEB/YdV1Ql04qw20bnufjzJJGgAASKz7f+eSrhOV0/7vTQiSBgAAksfQdeKSH5BW/uGLQoh2j7/ppCNpAAAgaYrLJW3A2HWicv6UNtC2/Tf8FUvSAABA0oz9sutE18aLr5aonHlRG2jpvMJfsSQNAAAkjWXXCeWVPxZCtHv/TScdSQMAAEnzyF+9VjOmMvNTbWDDzkO+iyVpAAAgmT73sf36cPlfvqMNpNKbbCZ3R9IAAECiWHadKP3wT4QQ6Q8+Vk/JJA0AACTKQkHRBgauWEsaLt6buPqj9ZRM0gAAQKKMT9d2nSjn1t6F3dLWUU/JJA0AACTKuZlLuk5Uq2rp//034etd2DVIGgAASJT/9cxJ48fK1FpPirYrb66zZJIGAAAS6IHfXes6sfz0jdpAqn1znWWSNAAAkByGrhNdQohqZe33pOu/NyFIGgAASJILCyvawNYrNgohKjP/qH1s3eHzfRNGJA0AACSH3nViYyYthFh++ibto+/3TRiRNAAAkBznDG+dqJbXrjp0HHoqkMJJGgAASI6/fPZ1fVjV701se18ghZM0AACQNJ//+PVCiKVnDmofWzJ9gRRL0gAAQEIYuk5svHhv4kNHgiqfpAEAgISYm1/WBrZu2VSZXvtNp9ZtB4Mqn6QBAICEyE+tdZ3IdGxYfvb92nAg/SbWigqqIAAAEK1zswVtoKqWtYFAftNJR9IAAEBCPH70n7SByrkfaQP1v2/CqC3AsgAAQOS+8Inrl5/brQ3X/74JI640AACQBHrXia19m7SB9g8+HmwVJA0AACTB9Pm134LcqhzXBtquvlNy3gvfP33iwKPFn007T0bSAABAEozPrD0FWf7mbdpAS1uH61yrs0tv/9kPT//R94UQp37vBeeJeaYBAIAkODddEEKkhKp9dO03UVWry2cu/Pzu5/Qxe4/c4TwLSQMAAEnw1Rd+KoR4d8fauydc+03Mfeufz/7XY9pw/+++e9sDN7hWQdIAAEBy/MHAn2oDDv0mSlOFicdem3vhlPZx15c+0HPwSpnCSRoAAGh6lYoqhEinFO2j3buwq2q1+POZtz558dmFa575aOeuyyRrIWkAAKDpTc4VhRB7On6ufWzd/uuWk808+8bYn/5QGx74zHuGPnu9p1pIGgAAaHrj04tCiD/s/5L20fy+CWViceIrx89/Z1T7OPLQLd03bPNaC0kDAABNb3yqkGlZ+52G9kOX9JuoqtXF1yZGP/ttfcyv/M1dHcM9PmohaQAAoOk9+a03ru1ce7Cx7dJ3YU89+Y/jX/6JNjx0/78e+OQ+41/VcvWfjkyeemF2Yax03/H9zrWQNAAAkAR/0P9n2kBLpk8bWDk7/8ZHntEnuOort3ZdN6gNV1bVM38/f+rozMTxghDiqlsvu+0rV7tWQdIAAEBzq1TUjS1rPwfZ8aEjQohqWX3nx/ncA9/VRl7+oasGP3ugfbCrsqpOnSz84sW5Uy/MCSEGrtv4m3++a/t7u1s3SP1CNEkDAADNbXy6cHX7L/tNbDsohJh4/MTk4ye1Mdu/+Gu9d1xzPrf89rcnTvzlOW3kvk/17z28pWuw3VNFJA0AADS3/NTiA/1/rg0r51rfvOtRbbgqxNb/fuvERMurn//F+I8XhRAD1218z+9t3f5r3f4qck8aRkZG9OFcLuevGgAAEJLpc3khRFVtUa54/O27nq0KURIbSu/aU0hf9tofT2rTXPeZgatvu6JrMJ1qSfmuyCVpGBkZMSYKNR8BAEDk3nzl+X/TJ2ZP3jb95sq86D0vLiuIbvEzIcTS7kOXDR/s2X5Dd3pTa/0VcXsCAIDm9gn1uz968sl3RPcF0auP3Pepgd03X3757s4AK0pVq1WHPwd1peHRAyd8zAUAADwZvG7j7tuuuPJgT0d38NcFfJb46quvGj+eOnXqmmuuCSIeAADgR++e5S2HOzfuLBZF8Y1fnA2jCp9Jw/XXX+/w0WzTkbf6+vouu0z2PVqxValUXn/99f37XX4zqynMzc2dP3/+qquuijqQAJw5c2bTpk1btmyJOpAAnDx58pprrmlv99YPKoYWFxfz+fzevXujDiQAY2NjLS0tQ0NDUQcSgDfeeOPKK6/cuHFj1IHUS1GUU6dOXXvttVEHEoCpqamVlZXh4eGoA3En9WMOAAAAJA0AAECKy+2JXC7H7zQAAAAh80wDiQIAABCuXS4BAAA0PNMAAACkkDQkk/FJFAAO2FgAebK/01D/WycsH6g0j6wZY96e/YWhlRPIr1u6xmw5WVANEaZ9XCDlyDfEbjLfAdR8Kb7L9B184I/6RrWx2M3or/YINxa7yeoMoJ6iYtKQhG0szb6liGRtLLKqEnbt2qX/70/NvJYF7tq1y3Iy5zHyAbgWLlmOTLHhNURyXtdpfDckkMXoUFpQ34vlyFCb41C1jxKcCwy1LZFvLMGuY/VPE5OGJGxjScCWEmBpcVjHJPm5PVGTvOsfRy5lnCYOJ3CWp/vi0rDFpa0L8PJATY2B54OWS97yu9DEpFOM8Usxv+jEGHwDvpcwRLWx1Ck+G0sY2FhCjtSPJt1SRNI3FrPA3mZhXomDKjlUTRp2DctWGEeGkaaEramDd9aka12Thl2DjaWJNO8q17yRu3K/0qA33i6f8srfah3IxiDTBH0a1xojbIhd6m0kX4unkLTlo2vYHiqk7yXY5kS7sQTblgg3lsC/lKg2lqiEvROrX0wOK0GJw5GlYYJ/b6aDkTqe3AmK9s0F8vRNtOtozRh/G56Phpgz6KAOTjXl+GhRHJoTlDi0JaqNJdiGRLixBHVENBcYycYSeHMCEZOGRLWxNP5LkUoaIs8E47MrFw37S7wAAAEiSURBVHFtiI+dSKyWag1jbJKrX0yaE/nGEivxbEgjN5YGXKNu5MYSYHOi3VJieO+gWdrikjSYm1ETk2WI5pGx2ne4pmYOOWOsGmKn6TIGyUhi/r2wsdSIVUPsNGxjCWppxGRjCfbcKcItJcC1NPKNpTFbnJ/bE8ZFY7xcZh5pVDMml8vVTJaz6XIa6oKwjMGZuSHmEuyaFt5lhprqau7g2q2mzoXYjfS6xHzwcc2tnhWsZkyAGr+x1IwJUIM3Fk8VyYtqY2nYTkxG/StYYraUhu2TXWeJ8zpmFNa7J5riJANNJ5HrVSIbhcglb71KXouaUZAPQjbgBBTrWZJ2GWwsCFViNha2lLjhLZcAAEAKL6wCAABSSBoAAIAUkgYAACDl/wNkETqk/NbQOwAAAABJRU5ErkJggg=="
                                height="200"
                width="700"/>
    
    
        <br/>
    <a style="text-decoration:none; color: rgb(126,115,99); font-size: 9pt;" href="#reportTop">
        Back to top
    </a>
</body>
</html>